doc source=freecad
feat 1 name=Part__Feature type=Unknown suppressed=0 payload=other
feat 2 name=Part__Feature001 type=Unknown suppressed=0 payload=other
feat 3 name=Part__Feature002 type=Unknown suppressed=0 payload=other
feat 4 name=Part__Feature003 type=Unknown suppressed=0 payload=other
feat 5 name=Part__Feature004 type=Unknown suppressed=0 payload=other
feat 6 name=Part__Feature005 type=Unknown suppressed=0 payload=other
feat 7 name=Part__Feature006 type=Unknown suppressed=0 payload=other
