doc source=freecad
feat 1 name=1010-12in type=Unknown suppressed=0 payload=other
feat 2 name=3258 type=Unknown suppressed=0 payload=other
feat 3 name=3382 type=Unknown suppressed=0 payload=other
feat 4 name=socket head cap screw_ai_HX-SHCS 0.25-20x0.625x0.625-N type=Unknown suppressed=0 payload=other
feat 5 name=socket head cap screw_ai_HX-SHCS 0.25-20x0.625x0.625-N001 type=Unknown suppressed=0 payload=other
feat 6 name=3382001 type=Unknown suppressed=0 payload=other
feat 7 name=3258001 type=Unknown suppressed=0 payload=other
