doc source=freecad
feat 1 name=2565 type=Unknown suppressed=0 payload=other
feat 2 name=3067_3067 type=Unknown suppressed=0 payload=other
feat 3 name=3258_Preferred Wide FW 0.25 type=Unknown suppressed=0 payload=other
feat 4 name=3382 type=Unknown suppressed=0 payload=other
feat 13 name=3067_3068 type=Unknown suppressed=0 payload=other
feat 14 name=3258_Preferred Wide FW 0.026 type=Unknown suppressed=0 payload=other
feat 15 name=3382001 type=Unknown suppressed=0 payload=other
