doc source=freecad
sketch 10 name=Sketch plane_origin=(0.000,0.000,0.000) plane_normal=(0.000,-0.707,0.707) plane_xdir=(1.000,0.000,0.000) geos=5 cons=0
  geo 1 type=Line constr=0 params=[-0.040,0.075,-0.040,0.000]
  geo 2 type=Line constr=0 params=[-0.040,0.000,0.040,0.000]
  geo 3 type=Line constr=0 params=[0.040,0.000,0.040,0.075]
  geo 4 type=Arc constr=0 params=[0.000,0.075,0.040,0.0000,3.1416]
  geo 5 type=Line constr=1 params=[0.000,0.075,0.040,0.075]
sketch 12 name=Sketch001 plane_origin=(0.040,0.000,0.000) plane_normal=(1.000,0.000,0.000) plane_xdir=(0.000,0.707,0.707) geos=4 cons=0
  geo 6 type=Line constr=0 params=[0.025,0.000,0.040,0.000]
  geo 7 type=Line constr=0 params=[0.040,0.000,0.040,-0.015]
  geo 8 type=Line constr=0 params=[0.040,-0.015,0.025,-0.015]
  geo 9 type=Line constr=0 params=[0.025,-0.015,0.025,0.000]
sketch 22 name=Sketch003 plane_origin=(0.000,0.000,0.000) plane_normal=(1.000,0.000,0.000) plane_xdir=(0.000,1.000,0.000) geos=4 cons=0
  geo 15 type=Line constr=0 params=[0.000,-0.090,0.000,0.000]
  geo 16 type=Line constr=0 params=[0.000,0.000,0.025,0.000]
  geo 17 type=Line constr=0 params=[0.025,0.000,0.025,-0.090]
  geo 18 type=Line constr=0 params=[0.025,-0.090,0.000,-0.090]
sketch 24 name=Sketch004 plane_origin=(0.000,0.025,0.000) plane_normal=(0.000,1.000,0.000) plane_xdir=(0.000,0.000,1.000) geos=4 cons=0
  geo 19 type=Line constr=0 params=[-0.025,0.063,0.000,0.063]
  geo 20 type=Line constr=0 params=[0.000,0.063,0.000,-0.063]
  geo 21 type=Line constr=0 params=[0.000,-0.063,-0.025,-0.063]
  geo 22 type=Line constr=0 params=[-0.025,-0.063,-0.025,0.063]
sketch 26 name=Sketch005 plane_origin=(0.000,0.000,0.000) plane_normal=(0.000,-1.000,0.000) plane_xdir=(0.000,0.000,-1.000) geos=4 cons=0
  geo 23 type=Circle constr=0 params=[0.065,0.038,0.010]
  geo 24 type=Circle constr=0 params=[0.065,-0.038,0.010]
  geo 25 type=Line constr=1 params=[0.065,0.038,0.090,0.038]
  geo 26 type=Line constr=1 params=[0.065,0.038,0.065,0.063]
sketch 28 name=Sketch006 plane_origin=(0.000,0.000,0.000) plane_normal=(0.000,0.000,1.000) plane_xdir=(0.000,-1.000,0.000) geos=4 cons=0
  geo 27 type=Circle constr=0 params=[-0.202,0.038,0.010]
  geo 28 type=Circle constr=0 params=[-0.202,-0.038,0.010]
  geo 29 type=Line constr=1 params=[-0.202,0.063,-0.202,0.038]
  geo 30 type=Line constr=1 params=[-0.202,0.038,-0.227,0.038]
sketch 31 name=Sketch007 plane_origin=(0.040,0.000,0.000) plane_normal=(1.000,0.000,0.000) plane_xdir=(0.000,0.707,0.707) geos=5 cons=0
  geo 10 type=Line constr=0 params=[-0.035,0.000,0.240,-0.275]
  geo 11 type=Line constr=0 params=[0.240,-0.275,0.140,-0.375]
  geo 12 type=Line constr=0 params=[0.140,-0.375,-0.135,-0.100]
  geo 13 type=Line constr=0 params=[-0.135,-0.100,-0.035,0.000]
  geo 14 type=Line constr=1 params=[-0.018,-0.018,0.000,0.000]
feat 10 name=Sketch type=Sketch suppressed=0 payload=sketch sketch_id=10
feat 11 name=Pad type=BossExtrude suppressed=0 payload=extrude sketch_id=10 dir=(0.000,0.000,1.000) dist=0.160 dist2=0.000 end=0 flip=1
  inputs=[0:base]
feat 12 name=Sketch001 type=Sketch suppressed=0 payload=sketch sketch_id=12
feat 13 name=Pocket type=CutExtrude suppressed=0 payload=extrude sketch_id=12 dir=(0.000,0.000,1.000) dist=0.005 dist2=0.000 end=1 flip=1
  inputs=[11:base]
feat 31 name=Sketch007 type=Sketch suppressed=0 payload=sketch sketch_id=31
feat 32 name=Pocket004 type=CutExtrude suppressed=0 payload=extrude sketch_id=31 dir=(0.000,0.000,1.000) dist=0.005 dist2=0.000 end=1 flip=1
  inputs=[13:base]
feat 22 name=Sketch003 type=Sketch suppressed=0 payload=sketch sketch_id=22
feat 23 name=Pad001 type=BossExtrude suppressed=0 payload=extrude sketch_id=22 dir=(0.000,0.000,1.000) dist=0.126 dist2=0.000 end=4 flip=0
  inputs=[0:base]
feat 24 name=Sketch004 type=Sketch suppressed=0 payload=sketch sketch_id=24
feat 25 name=Pad002 type=BossExtrude suppressed=0 payload=extrude sketch_id=24 dir=(0.000,0.000,1.000) dist=0.201 dist2=0.000 end=0 flip=0
  inputs=[23:base]
feat 26 name=Sketch005 type=Sketch suppressed=0 payload=sketch sketch_id=26
feat 27 name=Pocket002 type=CutExtrude suppressed=0 payload=extrude sketch_id=26 dir=(0.000,0.000,1.000) dist=0.005 dist2=0.000 end=1 flip=1
  inputs=[25:base]
feat 28 name=Sketch006 type=Sketch suppressed=0 payload=sketch sketch_id=28
feat 29 name=Pocket003 type=CutExtrude suppressed=0 payload=extrude sketch_id=28 dir=(0.000,0.000,1.000) dist=0.005 dist2=0.000 end=1 flip=1
  inputs=[27:base]
feat 30 name=Fillet type=Fillet suppressed=0 payload=fillet radius=0.025 edges=4
  inputs=[29:base]
feat 41 name=Cylinder type=PrimCylinder suppressed=0 payload=cylinder r=0.015 h=0.220
  inputs=[0:base]
feat 42 name=Fusion type=Fuse suppressed=0 payload=boolean operands=[30,32]
feat 43 name=Cut type=Cut suppressed=0 payload=boolean operands=[42,41]
