doc source=freecad
sketch 9 name=Sketch plane_origin=(0.000,0.000,0.000) plane_normal=(0.000,0.000,1.000) plane_xdir=(1.000,0.000,0.000) geos=2 cons=4
  geo 1 type=Circle constr=0 params=[0.000,0.000,0.050]
  geo 2 type=Circle constr=0 params=[0.000,0.000,0.060]
  con 1 type=Coincident a=1:2 b=4294967295:1 value=0.000 driving=1
  con 2 type=Coincident a=2:2 b=1:2 value=0.000 driving=1
  con 3 type=CircleDiameter a=2:0 b=4294967295:0 value=0.120 driving=1
  con 4 type=CircleDiameter a=1:0 b=4294967295:0 value=0.100 driving=1
sketch 11 name=Sketch001 plane_origin=(0.000,0.000,0.000) plane_normal=(0.000,0.000,1.000) plane_xdir=(1.000,0.000,0.000) geos=16 cons=43
  geo 3 type=Arc constr=0 params=[0.000,0.000,0.060,3.3753,6.0495]
  geo 4 type=Line constr=0 params=[-0.058,-0.014,-0.063,-0.015]
  geo 5 type=Line constr=0 params=[-0.063,-0.015,-0.030,-0.153]
  geo 6 type=Line constr=0 params=[-0.030,-0.153,0.030,-0.153]
  geo 7 type=Line constr=0 params=[0.030,-0.153,0.063,-0.015]
  geo 8 type=Line constr=0 params=[0.063,-0.015,0.058,-0.014]
  geo 9 type=Arc constr=0 params=[0.000,0.000,0.070,4.2253,5.1995]
  geo 10 type=Arc constr=0 params=[0.035,-0.066,0.005,6.0495,8.3411]
  geo 11 type=Arc constr=0 params=[-0.035,-0.066,0.005,1.0837,3.3753]
  geo 12 type=Arc constr=0 params=[-0.018,-0.138,0.005,3.3753,4.7124]
  geo 13 type=Arc constr=0 params=[0.018,-0.138,0.005,4.7124,6.0495]
  geo 14 type=Line constr=0 params=[-0.040,-0.067,-0.023,-0.139]
  geo 15 type=Line constr=0 params=[-0.018,-0.143,0.018,-0.143]
  geo 16 type=Line constr=0 params=[0.023,-0.139,0.040,-0.067]
  geo 17 type=Line constr=1 params=[0.040,-0.067,0.050,-0.070]
  geo 18 type=Line constr=1 params=[0.018,-0.143,0.018,-0.153]
  con 5 type=Coincident a=3:2 b=4294967295:1 value=0.000 driving=1
  con 6 type=Coincident a=3:1 b=4:1 value=0.000 driving=1
  con 7 type=Coincident a=4:3 b=5:1 value=0.000 driving=1
  con 8 type=Coincident a=5:3 b=6:1 value=0.000 driving=1
  con 9 type=Coincident a=6:3 b=7:1 value=0.000 driving=1
  con 10 type=Coincident a=7:3 b=8:1 value=0.000 driving=1
  con 11 type=Coincident a=8:3 b=3:3 value=0.000 driving=1
  con 12 type=CircleDiameter a=3:0 b=4294967295:0 value=0.119 driving=1
  con 13 type=Equal a=8:0 b=4:0 value=0.000 driving=1
  con 14 type=Symmetric a=6:3 b=5:3 value=0.000 driving=1
  con 15 type=DistanceX a=6:1 b=6:3 value=0.060 driving=1
  con 16 type=Coincident a=9:2 b=3:2 value=0.000 driving=1
  con 17 type=Tangent a=9:1 b=11:1 value=1.571 driving=1
  con 18 type=Tangent a=9:3 b=10:3 value=1.571 driving=1
  con 19 type=Horizontal a=15:0 b=4294967295:0 value=0.000 driving=1
  con 20 type=Tangent a=12:1 b=14:3 value=-1.571 driving=1
  con 21 type=Tangent a=12:3 b=15:1 value=-1.571 driving=1
  con 22 type=Tangent a=13:1 b=15:3 value=-1.571 driving=1
  con 23 type=Tangent a=13:3 b=16:1 value=-1.571 driving=1
  con 24 type=Tangent a=10:1 b=16:3 value=-1.571 driving=1
  con 25 type=Tangent a=11:3 b=14:1 value=-1.571 driving=1
  con 26 type=CircleRadius a=11:0 b=4294967295:0 value=0.005 driving=1
  con 27 type=Equal a=11:0 b=10:0 value=0.000 driving=1
  con 28 type=Equal a=11:0 b=12:0 value=0.000 driving=1
  con 29 type=Equal a=11:0 b=13:0 value=0.000 driving=1
  con 30 type=Symmetric a=9:1 b=9:3 value=0.000 driving=1
  con 31 type=Parallel a=16:0 b=7:0 value=0.000 driving=1
  con 32 type=Parallel a=14:0 b=5:0 value=0.000 driving=1
  con 33 type=CircleRadius a=9:0 b=4294967295:0 value=0.070 driving=1
  con 34 type=Coincident a=17:1 b=10:1 value=0.000 driving=1
  con 35 type=Coincident a=18:1 b=13:1 value=0.000 driving=1
  con 36 type=Vertical a=18:0 b=4294967295:0 value=0.000 driving=1
  con 37 type=PointOnLine a=17:3 b=7:0 value=0.000 driving=1
  con 38 type=Perpendicular a=7:0 b=17:0 value=0.000 driving=1
  con 39 type=PointOnLine a=18:3 b=6:0 value=0.000 driving=1
  con 40 type=Equal a=18:0 b=17:0 value=0.000 driving=1
  con 41 type=Distance a=17:0 b=4294967295:0 value=0.010 driving=1
  con 42 type=Perpendicular a=3:0 b=8:0 value=0.000 driving=1
  con 43 type=Perpendicular a=3:0 b=4:0 value=0.000 driving=1
  con 44 type=Distance a=8:0 b=4294967295:0 value=0.005 driving=1
  con 45 type=Horizontal a=3:3 b=3:1 value=0.000 driving=1
  con 46 type=Perpendicular a=7:0 b=8:0 value=0.000 driving=1
  con 47 type=DistanceY a=6:3 b=3:2 value=0.153 driving=1
sketch 14 name=Sketch002 plane_origin=(0.040,-0.160,0.000) plane_normal=(1.000,0.000,0.000) plane_xdir=(0.000,1.000,0.000) geos=1 cons=2
  geo 19 type=Circle constr=0 params=[0.000,0.000,0.008]
  con 48 type=Coincident a=19:2 b=4294967295:1 value=0.000 driving=1
  con 49 type=CircleDiameter a=19:0 b=4294967295:0 value=0.015 driving=1
feat 9 name=Sketch type=Sketch suppressed=0 payload=sketch sketch_id=9
feat 10 name=Pad type=BossExtrude suppressed=0 payload=extrude sketch_id=9 dir=(0.000,0.000,1.000) dist=0.030 dist2=0.000 end=4 flip=0
  inputs=[0:base]
feat 11 name=Sketch001 type=Sketch suppressed=0 payload=sketch sketch_id=11
feat 12 name=Pad001 type=BossExtrude suppressed=0 payload=extrude sketch_id=11 dir=(0.000,0.000,1.000) dist=0.020 dist2=0.000 end=4 flip=0
  inputs=[10:base]
feat 13 name=Cylinder type=PrimCylinder suppressed=0 payload=cylinder r=0.015 h=0.080
  inputs=[12:base]
feat 14 name=Sketch002 type=Sketch suppressed=0 payload=sketch sketch_id=14
  inputs=[13:ref]
feat 15 name=Pocket type=CutExtrude suppressed=0 payload=extrude sketch_id=14 dir=(0.000,0.000,1.000) dist=0.005 dist2=0.000 end=1 flip=1
  inputs=[13:base]
