doc source=freecad
sketch 9 name=Sketch plane_origin=(0.000,0.000,0.000) plane_normal=(0.000,0.000,1.000) plane_xdir=(1.000,0.000,0.000) geos=13 cons=32
  geo 1 type=Arc constr=0 params=[0.000,0.070,0.035,0.0000,3.1416]
  geo 2 type=Line constr=0 params=[-0.035,0.070,-0.035,0.070]
  geo 3 type=Line constr=0 params=[0.035,0.070,0.035,0.000]
  geo 4 type=Line constr=0 params=[-0.035,0.000,0.035,0.000]
  geo 5 type=Point constr=0 params=[0.000,0.000]
  geo 6 type=Circle constr=0 params=[0.000,0.070,0.020]
  geo 7 type=Line constr=1 params=[-0.070,0.000,-0.035,0.000]
  geo 8 type=Line constr=1 params=[-0.049,0.056,-0.070,0.056]
  geo 9 type=Line constr=1 params=[-0.070,0.056,-0.070,0.000]
  geo 10 type=Arc constr=1 params=[-0.049,0.070,0.014,4.7124,6.2832]
  geo 11 type=Line constr=0 params=[-0.035,0.000,-0.035,0.070]
  geo 12 type=Circle constr=1 params=[-0.055,0.023,0.005]
  geo 13 type=Line constr=1 params=[-0.035,0.070,0.035,0.070]
  con 1 type=Tangent a=1:1 b=3:1 value=1.571 driving=1
  con 2 type=Tangent a=1:3 b=2:1 value=-1.571 driving=1
  con 3 type=Coincident a=4:3 b=3:3 value=0.000 driving=1
  con 4 type=Symmetric a=4:1 b=4:3 value=0.000 driving=1
  con 5 type=Coincident a=6:2 b=1:2 value=0.000 driving=1
  con 6 type=CircleRadius a=6:0 b=4294967295:0 value=0.020 driving=1
  con 7 type=Coincident a=8:3 b=9:1 value=0.000 driving=1
  con 8 type=Coincident a=9:3 b=7:1 value=0.000 driving=1
  con 9 type=Vertical a=9:0 b=4294967295:0 value=0.000 driving=1
  con 10 type=Coincident a=7:3 b=4:1 value=0.000 driving=1
  con 11 type=Tangent a=8:1 b=10:1 value=1.571 driving=1
  con 12 type=Tangent a=2:3 b=10:3 value=1.571 driving=1
  con 13 type=Coincident a=11:1 b=4:1 value=0.000 driving=1
  con 14 type=Coincident a=11:3 b=2:3 value=0.000 driving=1
  con 15 type=Coincident a=13:1 b=1:3 value=0.000 driving=1
  con 16 type=Coincident a=13:3 b=1:1 value=0.000 driving=1
  con 17 type=PointOnLine a=5:1 b=4294967295:0 value=0.000 driving=1
  con 18 type=Vertical a=1:3 b=4:1 value=0.000 driving=1
  con 19 type=Vertical a=5:1 b=1:2 value=0.000 driving=1
  con 20 type=CircleRadius a=10:0 b=4294967295:0 value=0.014 driving=1
  con 21 type=Horizontal a=8:0 b=4294967295:0 value=0.000 driving=1
  con 22 type=PointOnLine a=1:2 b=13:0 value=0.000 driving=1
  con 23 type=CircleRadius a=1:0 b=4294967295:0 value=0.035 driving=1
  con 24 type=DistanceY a=9:3 b=9:1 value=0.056 driving=1
  con 25 type=PointOnLine a=7:1 b=4294967295:0 value=0.000 driving=1
  con 26 type=DistanceX a=7:1 b=7:3 value=0.035 driving=1
  con 27 type=PointOnLine a=5:1 b=1:0 value=0.000 driving=1
  con 28 type=DistanceY a=7:1 b=5:1 value=0.105 driving=1
  con 29 type=DistanceY a=7:1 b=12:2 value=0.023 driving=1
  con 30 type=DistanceX a=7:1 b=12:2 value=0.015 driving=1
  con 31 type=CircleDiameter a=12:0 b=4294967295:0 value=0.010 driving=1
  con 32 type=PointOnLine a=3:3 b=4294967295:0 value=0.000 driving=1
sketch 11 name=Sketch001 plane_origin=(0.000,0.000,0.000) plane_normal=(0.000,0.000,1.000) plane_xdir=(1.000,0.000,0.000) geos=13 cons=30
  geo 14 type=Arc constr=1 params=[0.000,0.070,0.035,0.0000,3.1416]
  geo 15 type=Line constr=1 params=[-0.035,0.070,-0.035,0.070]
  geo 16 type=Line constr=1 params=[0.035,0.070,0.035,0.000]
  geo 17 type=Line constr=1 params=[-0.035,0.000,0.035,0.000]
  geo 18 type=Point constr=1 params=[0.000,0.000]
  geo 19 type=Circle constr=1 params=[0.000,0.070,0.020]
  geo 20 type=Line constr=0 params=[-0.070,0.000,-0.035,0.000]
  geo 21 type=Line constr=0 params=[-0.049,0.056,-0.070,0.056]
  geo 22 type=Line constr=0 params=[-0.070,0.056,-0.070,0.000]
  geo 23 type=Arc constr=0 params=[-0.049,0.070,0.014,4.7124,6.2832]
  geo 24 type=Line constr=0 params=[-0.035,0.000,-0.035,0.070]
  geo 25 type=Circle constr=0 params=[-0.055,0.023,0.005]
  geo 26 type=Line constr=1 params=[-0.035,0.070,0.035,0.070]
  con 33 type=Tangent a=14:1 b=16:1 value=1.571 driving=1
  con 34 type=Tangent a=14:3 b=15:1 value=-1.571 driving=1
  con 35 type=Coincident a=17:3 b=16:3 value=0.000 driving=1
  con 36 type=Symmetric a=17:1 b=17:3 value=0.000 driving=1
  con 37 type=Coincident a=19:2 b=14:2 value=0.000 driving=1
  con 38 type=CircleRadius a=19:0 b=4294967295:0 value=0.020 driving=1
  con 39 type=Coincident a=21:3 b=22:1 value=0.000 driving=1
  con 40 type=Coincident a=22:3 b=20:1 value=0.000 driving=1
  con 41 type=Vertical a=22:0 b=4294967295:0 value=0.000 driving=1
  con 42 type=Coincident a=20:3 b=17:1 value=0.000 driving=1
  con 43 type=Tangent a=21:1 b=23:1 value=1.571 driving=1
  con 44 type=Tangent a=15:3 b=23:3 value=1.571 driving=1
  con 45 type=Coincident a=24:1 b=17:1 value=0.000 driving=1
  con 46 type=Coincident a=24:3 b=15:3 value=0.000 driving=1
  con 47 type=Coincident a=26:1 b=14:3 value=0.000 driving=1
  con 48 type=Coincident a=26:3 b=14:1 value=0.000 driving=1
  con 49 type=Vertical a=14:3 b=17:1 value=0.000 driving=1
  con 50 type=Vertical a=18:1 b=14:2 value=0.000 driving=1
  con 51 type=CircleRadius a=23:0 b=4294967295:0 value=0.014 driving=1
  con 52 type=Horizontal a=21:0 b=4294967295:0 value=0.000 driving=1
  con 53 type=PointOnLine a=14:2 b=26:0 value=0.000 driving=1
  con 54 type=CircleRadius a=14:0 b=4294967295:0 value=0.035 driving=1
  con 55 type=DistanceY a=22:3 b=22:1 value=0.056 driving=1
  con 56 type=PointOnLine a=20:1 b=4294967295:0 value=0.000 driving=1
  con 57 type=DistanceX a=20:1 b=20:3 value=0.035 driving=1
  con 58 type=PointOnLine a=18:1 b=14:0 value=0.000 driving=1
  con 59 type=DistanceY a=20:1 b=25:2 value=0.023 driving=1
  con 60 type=DistanceX a=20:1 b=25:2 value=0.015 driving=1
  con 61 type=CircleDiameter a=25:0 b=4294967295:0 value=0.010 driving=1
  con 62 type=PointOnLine a=16:3 b=4294967295:0 value=0.000 driving=1
sketch 14 name=Sketch002 plane_origin=(0.020,0.000,0.000) plane_normal=(1.000,0.000,0.000) plane_xdir=(0.000,1.000,0.000) geos=5 cons=13
  geo 27 type=Line constr=0 params=[0.000,0.030,0.047,0.030]
  geo 28 type=Line constr=0 params=[0.047,0.030,0.029,0.071]
  geo 29 type=Arc constr=0 params=[0.015,0.065,0.015,0.4188,3.1416]
  geo 30 type=Line constr=0 params=[0.000,0.065,0.000,0.030]
  geo 31 type=Circle constr=0 params=[0.015,0.065,0.005]
  con 63 type=PointOnLine a=27:1 b=4294967295:0 value=0.000 driving=1
  con 64 type=Horizontal a=27:0 b=4294967295:0 value=0.000 driving=1
  con 65 type=Coincident a=27:3 b=28:1 value=0.000 driving=1
  con 66 type=Tangent a=28:3 b=29:1 value=-1.571 driving=1
  con 67 type=Tangent a=29:3 b=30:1 value=-1.571 driving=1
  con 68 type=Coincident a=27:1 b=30:3 value=0.000 driving=1
  con 69 type=Vertical a=30:0 b=4294967295:0 value=0.000 driving=1
  con 70 type=CircleRadius a=29:0 b=4294967295:0 value=0.015 driving=1
  con 71 type=DistanceX a=27:1 b=27:3 value=0.047 driving=1
  con 72 type=DistanceY a=4294967295:1 b=29:2 value=0.065 driving=1
  con 73 type=Coincident a=31:2 b=29:2 value=0.000 driving=1
  con 74 type=CircleDiameter a=31:0 b=4294967295:0 value=0.010 driving=1
  con 75 type=DistanceY a=4294967295:1 b=27:1 value=0.030 driving=1
feat 9 name=Sketch type=Sketch suppressed=0 payload=sketch sketch_id=9
feat 10 name=Pad type=BossExtrude suppressed=0 payload=extrude sketch_id=9 dir=(0.000,0.000,1.000) dist=0.030 dist2=0.000 end=0 flip=0
  inputs=[0:base]
feat 11 name=Sketch001 type=Sketch suppressed=0 payload=sketch sketch_id=11
feat 12 name=Pad001 type=BossExtrude suppressed=0 payload=extrude sketch_id=11 dir=(0.000,0.000,1.000) dist=0.025 dist2=0.000 end=0 flip=0
  inputs=[10:base]
feat 13 name=Mirrored type=Mirror suppressed=0 payload=mirror plane_o=(0.000,0.000,0.000) plane_n=(1.000,0.000,0.000)
  inputs=[12:base,12:tool]
feat 14 name=Sketch002 type=Sketch suppressed=0 payload=sketch sketch_id=14
feat 15 name=Pad002 type=BossExtrude suppressed=0 payload=extrude sketch_id=14 dir=(0.000,0.000,1.000) dist=0.015 dist2=0.000 end=0 flip=0
  inputs=[13:base]
feat 16 name=Mirrored001 type=Mirror suppressed=0 payload=mirror plane_o=(0.000,0.000,0.000) plane_n=(1.000,0.000,0.000)
  inputs=[15:base,15:tool]
