doc source=freecad
sketch 20 name=Sketch plane_origin=(0.000,0.000,0.000) plane_normal=(0.000,0.000,1.000) plane_xdir=(1.000,0.000,0.000) geos=2 cons=0
  geo 1 type=Circle constr=0 params=[0.000,0.000,0.008]
  geo 2 type=Circle constr=0 params=[0.000,0.000,0.010]
feat 20 name=Sketch type=Sketch suppressed=0 payload=sketch sketch_id=20
feat 21 name=Pad type=BossExtrude suppressed=0 payload=extrude sketch_id=20 dir=(0.000,0.000,1.000) dist=0.030 dist2=0.000 end=0 flip=0
  inputs=[0:base]
feat 22 name=Chamfer type=Chamfer suppressed=0 payload=chamfer d1=0.001 d2=0.000 edges=2
  inputs=[21:base]
