doc source=freecad
sketch 11 name=Sketch_0 plane_origin=(0.000,0.000,0.000) plane_normal=(1.000,0.000,0.000) plane_xdir=(0.000,1.000,0.000) geos=5 cons=0
  geo 4 type=Arc constr=0 params=[0.000,0.000,0.025,2.0944,7.3304]
  geo 5 type=Arc constr=0 params=[0.000,0.100,0.015,5.6975,10.0105]
  geo 6 type=Line constr=0 params=[-0.012,0.092,-0.012,0.022]
  geo 7 type=Line constr=0 params=[0.012,0.092,0.012,0.022]
  geo 8 type=Circle constr=0 params=[0.000,0.000,0.008]
sketch 22 name=Sketch plane_origin=(0.000,0.000,0.000) plane_normal=(1.000,0.000,0.000) plane_xdir=(0.000,1.000,0.000) geos=3 cons=0
  geo 1 type=Circle constr=0 params=[0.000,0.100,0.010]
  geo 2 type=Circle constr=0 params=[0.087,-0.050,0.010]
  geo 3 type=Circle constr=0 params=[-0.087,-0.050,0.010]
feat 20 name=Pad type=BossExtrude suppressed=0 payload=extrude sketch_id=11 dir=(0.000,0.000,1.000) dist=0.020 dist2=0.000 end=0 flip=0
  inputs=[0:base]
feat 21 name=PolarPattern type=CircularPattern suppressed=0 payload=circpat axis_o=(0.000,0.000,0.000) axis_d=(1.000,0.000,0.000) count=3 total_angle=6.2832
  inputs=[20:base,20:tool]
feat 22 name=Sketch type=Sketch suppressed=0 payload=sketch sketch_id=22
feat 23 name=Pad001 type=BossExtrude suppressed=0 payload=extrude sketch_id=22 dir=(0.000,0.000,1.000) dist=0.015 dist2=0.000 end=0 flip=1
  inputs=[21:base]
feat 11 name=Sketch_0 type=Sketch suppressed=0 payload=sketch sketch_id=11
